﻿
> aether-os@0.0.0 build
> tsc -b && vite build

[36mvite v8.0.5 [32mbuilding client environment for production...[36m[39m
[2K
node.exe : [31mΓ£ù[39m Build failed in 1.76s
At C:\Program Files\nodejs\npm.ps1:29 char:3
+   & $NODE_EXE $NPM_CLI_JS $args
+   ~~~~~~~~~~~~~~~~~~~~~~~~~~~~~
    + CategoryInfo          : NotSpecified: ([31mΓ£ù[39m Build failed in 1.76s:String) [], RemoteException
    + FullyQualifiedErrorId : NativeCommandError
 
transforming...
PWA v1.2.0
mode      generateSW
precache  25 entries (3020.91 KiB)
files generated
  dist/sw.js
  dist/workbox-8c29f6e4.js
[31merror during build:
[31mBuild failed with 1 error:

[plugin vite-plugin-pwa:build]
Error: Build failed with 1 error:

[plugin vite:css] C:/Users/g4t0sky/aether-os/src/index.css:163:4
CssSyntaxError: [postcss] C:/Users/g4t0sky/aether-os/src/index.css:163:5: The `rounded-inherit` class does not exist. 
If `rounded-inherit` is a custom class, make sure it is defined within a `@layer` directive.
    at Input.error (C:\Users\g4t0sky\aether-os\node_modules\postcss\lib\input.js:135:16)
    at AtRule.error (C:\Users\g4t0sky\aether-os\node_modules\postcss\lib\node.js:146:32)
    at processApply (C:\Users\g4t0sky\aether-os\node_modules\tailwindcss\lib\lib\expandApplyAtRules.js:380:29)
    at C:\Users\g4t0sky\aether-os\node_modules\tailwindcss\lib\lib\expandApplyAtRules.js:551:9
    at C:\Users\g4t0sky\aether-os\node_modules\tailwindcss\lib\processTailwindFeatures.js:55:50
    at async plugins (C:\Users\g4t0sky\aether-os\node_modules\tailwindcss\lib\plugin.js:38:17)
    at async LazyResult.runAsync (C:\Users\g4t0sky\aether-os\node_modules\postcss\lib\lazy-result.js:293:11)
    at async runPostCSS (file:///C:/Users/g4t0sky/aether-os/node_modules/vite/dist/node/chunks/node.js:20998:19)
    at async compilePostCSS (file:///C:/Users/g4t0sky/aether-os/node_modules/vite/dist/node/chunks/node.js:20982:6)
    at async compileCSS (file:///C:/Users/g4t0sky/aether-os/node_modules/vite/dist/node/chunks/node.js:20912:26)
    at aggregateBindingErrorsIntoJsError 
(file:///C:/Users/g4t0sky/aether-os/node_modules/rolldown/dist/shared/error-BLhcSyeg.mjs:48:18)
    at plugin 
(file:///C:/Users/g4t0sky/aether-os/node_modules/rolldown/dist/shared/bindingify-input-options-e7ze4hPR.mjs:1024:61)
    at plugin.<computed> (file:///C:/Users/g4t0sky/aether-os/node_modules/rolldown/dist/shared/bindingify-input-options
-e7ze4hPR.mjs:1593:18)[31m
    at aggregateBindingErrorsIntoJsError 
(file:///C:/Users/g4t0sky/aether-os/node_modules/rolldown/dist/shared/error-BLhcSyeg.mjs:48:18)
    at unwrapBindingResult 
(file:///C:/Users/g4t0sky/aether-os/node_modules/rolldown/dist/shared/error-BLhcSyeg.mjs:18:128)
    at #build 
(file:///C:/Users/g4t0sky/aether-os/node_modules/rolldown/dist/shared/rolldown-build-CPrIX9V6.mjs:3313:34)
    at async buildEnvironment (file:///C:/Users/g4t0sky/aether-os/node_modules/vite/dist/node/chunks/node.js:32939:64)
    at async Object.build (file:///C:/Users/g4t0sky/aether-os/node_modules/vite/dist/node/chunks/node.js:33361:19)
    at async Object.buildApp (file:///C:/Users/g4t0sky/aether-os/node_modules/vite/dist/node/chunks/node.js:33358:153)
    at async CAC.<anonymous> (file:///C:/Users/g4t0sky/aether-os/node_modules/vite/dist/node/cli.js:778:3) {
  errors: [Getter/Setter]
}[39m
